../Core/Src/W25Qxx.c:17:6:W25Q_Delay	16	static
../Core/Src/W25Qxx.c:22:6:csLOW	8	static
../Core/Src/W25Qxx.c:27:6:csHIGH	8	static
../Core/Src/W25Qxx.c:32:6:SPI_Write	16	static
../Core/Src/W25Qxx.c:37:6:SPI_Read	16	static
../Core/Src/W25Qxx.c:44:6:W25Q_Reset	16	static
../Core/Src/W25Qxx.c:55:10:W25Q_ReadID	16	static
../Core/Src/W25Qxx.c:66:6:W25Q_Read	40	static
../Core/Src/W25Qxx.c:101:6:W25Q_FastRead	40	static
../Core/Src/W25Qxx.c:138:6:write_enable	16	static
../Core/Src/W25Qxx.c:147:6:write_disable	16	static
../Core/Src/W25Qxx.c:156:10:bytestowrite	16	static
../Core/Src/W25Qxx.c:162:10:bytestomodify	16	static
../Core/Src/W25Qxx.c:168:6:W25Q_Erase_Sector	32	static
../Core/Src/W25Qxx.c:206:6:W25Q_Write_Clean	344	static
../Core/Src/W25Qxx.c:288:6:W25Q_Write	4160	static
../Core/Src/W25Qxx.c:318:9:W25Q_Read_Byte	32	static
../Core/Src/W25Qxx.c:355:6:W25Q_Write_Byte	24	static
../Core/Src/W25Qxx.c:395:6:float2Bytes	24	static
../Core/Src/W25Qxx.c:410:7:Bytes2float	32	static
../Core/Src/W25Qxx.c:425:6:W25Q_Write_NUM	24	static
../Core/Src/W25Qxx.c:440:7:W25Q_Read_NUM	24	static
../Core/Src/W25Qxx.c:447:6:W25Q_Write_32B	64	dynamic
../Core/Src/W25Qxx.c:463:6:W25Q_Read_32B	64	dynamic
